  ✓ GPU detected: NVIDIA GeForce RTX 3050 Laptop GPU
    VRAM: 4.0 GB
test users 2893 | commit 78059079a704cc718e64a99545997400741a4ded
[seed 42] Random            test NDCG@10 0.00063  Recall@10 0.00085
[seed 42] MostPopular       test NDCG@10 0.00998  Recall@10 0.01469
[seed 42] BPR-MF            test NDCG@10 0.01064  Recall@10 0.01588

============================================================
  🚀 Training: gmf
  Parameters: 1,143,360 | Device: cuda
  Max epochs: 20 | Patience: 5 | Batch: 512
  Monitor: NDCG@10
============================================================
  ⏹ Early stopping tại epoch 14 — không cải thiện sau 5 epochs. Best: NDCG@10=0.0084 @ epoch 9
  ⏱ Tổng thời gian train gmf: 135.7s
  🏆 Best NDCG@10: 0.0084 @ epoch 9


============================================================
  🚀 Training: mlp
  Parameters: 574,400 | Device: cuda
  Max epochs: 20 | Patience: 5 | Batch: 512
  Monitor: NDCG@10
============================================================
  ⏹ Early stopping tại epoch 10 — không cải thiện sau 5 epochs. Best: NDCG@10=0.0084 @ epoch 5
  ⏱ Tổng thời gian train mlp: 164.2s
  🏆 Best NDCG@10: 0.0084 @ epoch 5


============================================================
  🚀 Training: neumf_scratch
  Parameters: 2,297,536 | Device: cuda
  Max epochs: 20 | Patience: 5 | Batch: 512
  Monitor: NDCG@10
============================================================
  ⏹ Early stopping tại epoch 12 — không cải thiện sau 5 epochs. Best: NDCG@10=0.0111 @ epoch 7
  ⏱ Tổng thời gian train neumf_scratch: 172.4s
  🏆 Best NDCG@10: 0.0111 @ epoch 7


============================================================
  🚀 Training: neumf_pretrained
  Parameters: 1,717,760 | Device: cuda
  Max epochs: 20 | Patience: 5 | Batch: 512
  Monitor: NDCG@10
============================================================
  ⏹ Early stopping tại epoch 12 — không cải thiện sau 5 epochs. Best: NDCG@10=0.0091 @ epoch 7
  ⏱ Tổng thời gian train neumf_pretrained: 235.0s
  🏆 Best NDCG@10: 0.0091 @ epoch 7

[seed 42] GMF               test NDCG@10 0.00866  Recall@10 0.01326
[seed 42] MLP               test NDCG@10 0.00958  Recall@10 0.01315
[seed 42] NeuMF-Scratch     test NDCG@10 0.00965  Recall@10 0.01322
[seed 42] NeuMF-Pretrained  test NDCG@10 0.01046  Recall@10 0.01353
==> seed 42 xong (24.1 phút)
[seed 2024] Random            test NDCG@10 0.00067  Recall@10 0.00086
[seed 2024] MostPopular       test NDCG@10 0.00998  Recall@10 0.01469
[seed 2024] BPR-MF            test NDCG@10 0.01053  Recall@10 0.01588

============================================================
  🚀 Training: gmf
  Parameters: 1,143,360 | Device: cuda
  Max epochs: 20 | Patience: 5 | Batch: 512
  Monitor: NDCG@10
============================================================
  ⏹ Early stopping tại epoch 8 — không cải thiện sau 5 epochs. Best: NDCG@10=0.0077 @ epoch 3
  ⏱ Tổng thời gian train gmf: 76.8s
  🏆 Best NDCG@10: 0.0077 @ epoch 3


============================================================
  🚀 Training: mlp
  Parameters: 574,400 | Device: cuda
  Max epochs: 20 | Patience: 5 | Batch: 512
  Monitor: NDCG@10
============================================================
  ⏹ Early stopping tại epoch 6 — không cải thiện sau 5 epochs. Best: NDCG@10=0.0080 @ epoch 1
  ⏱ Tổng thời gian train mlp: 98.8s
  🏆 Best NDCG@10: 0.0080 @ epoch 1


============================================================
  🚀 Training: neumf_scratch
  Parameters: 2,297,536 | Device: cuda
  Max epochs: 20 | Patience: 5 | Batch: 512
  Monitor: NDCG@10
============================================================
  ⏹ Early stopping tại epoch 14 — không cải thiện sau 5 epochs. Best: NDCG@10=0.0109 @ epoch 9
  ⏱ Tổng thời gian train neumf_scratch: 198.6s
  🏆 Best NDCG@10: 0.0109 @ epoch 9


============================================================
  🚀 Training: neumf_pretrained
  Parameters: 1,717,760 | Device: cuda
  Max epochs: 20 | Patience: 5 | Batch: 512
  Monitor: NDCG@10
============================================================
  ⏹ Early stopping tại epoch 10 — không cải thiện sau 5 epochs. Best: NDCG@10=0.0077 @ epoch 5
  ⏱ Tổng thời gian train neumf_pretrained: 183.1s
  🏆 Best NDCG@10: 0.0077 @ epoch 5

[seed 2024] GMF               test NDCG@10 0.00943  Recall@10 0.01390
[seed 2024] MLP               test NDCG@10 0.00964  Recall@10 0.01461
[seed 2024] NeuMF-Scratch     test NDCG@10 0.00939  Recall@10 0.01433
[seed 2024] NeuMF-Pretrained  test NDCG@10 0.00966  Recall@10 0.01509
==> seed 2024 xong (21.0 phút)
[seed 2025] Random            test NDCG@10 0.00059  Recall@10 0.00105
[seed 2025] MostPopular       test NDCG@10 0.00998  Recall@10 0.01469
[seed 2025] BPR-MF            test NDCG@10 0.01070  Recall@10 0.01562

============================================================
  🚀 Training: gmf
  Parameters: 1,143,360 | Device: cuda
  Max epochs: 20 | Patience: 5 | Batch: 512
  Monitor: NDCG@10
============================================================
  ⏹ Early stopping tại epoch 10 — không cải thiện sau 5 epochs. Best: NDCG@10=0.0074 @ epoch 5
  ⏱ Tổng thời gian train gmf: 92.9s
  🏆 Best NDCG@10: 0.0074 @ epoch 5


============================================================
  🚀 Training: mlp
  Parameters: 574,400 | Device: cuda
  Max epochs: 20 | Patience: 5 | Batch: 512
  Monitor: NDCG@10
============================================================
  ⏹ Early stopping tại epoch 7 — không cải thiện sau 5 epochs. Best: NDCG@10=0.0083 @ epoch 2
  ⏱ Tổng thời gian train mlp: 106.4s
  🏆 Best NDCG@10: 0.0083 @ epoch 2


============================================================
  🚀 Training: neumf_scratch
  Parameters: 2,297,536 | Device: cuda
  Max epochs: 20 | Patience: 5 | Batch: 512
  Monitor: NDCG@10
============================================================
  ⏹ Early stopping tại epoch 12 — không cải thiện sau 5 epochs. Best: NDCG@10=0.0101 @ epoch 7
  ⏱ Tổng thời gian train neumf_scratch: 175.3s
  🏆 Best NDCG@10: 0.0101 @ epoch 7


============================================================
  🚀 Training: neumf_pretrained
  Parameters: 1,717,760 | Device: cuda
  Max epochs: 20 | Patience: 5 | Batch: 512
  Monitor: NDCG@10
============================================================
  ⏹ Early stopping tại epoch 6 — không cải thiện sau 5 epochs. Best: NDCG@10=0.0080 @ epoch 1
  ⏱ Tổng thời gian train neumf_pretrained: 120.0s
  🏆 Best NDCG@10: 0.0080 @ epoch 1

[seed 2025] GMF               test NDCG@10 0.01025  Recall@10 0.01560
[seed 2025] MLP               test NDCG@10 0.00954  Recall@10 0.01370
[seed 2025] NeuMF-Scratch     test NDCG@10 0.00971  Recall@10 0.01457
[seed 2025] NeuMF-Pretrained  test NDCG@10 0.00990  Recall@10 0.01466
==> seed 2025 xong (19.7 phút)
