  ⓘ GPU không khả dụng, dùng CPU
mẫu phát triển: 7,134 người dùng, 19,228 sản phẩm (9,596 có ID), 2,229 người dùng xác thực, 7,074 cặp đúng (930 sản phẩm mới) | commit e29164e988360c5c8cf6923d06a89b17feb890fe dirty=True code b533374e5246d082 (8s)
[popularity 1/1] {} -> NDCG@10 0.00734 (cũ 0.00818 / mới 0.00000), epoch None, 4s
==> popularity tốt nhất: {} NDCG@10 0.00734 (0 phút)
[recent_pop 1/5] {"window": 7} -> NDCG@10 0.00639 (cũ 0.00697 / mới 0.00000), epoch None, 4s
[recent_pop 2/5] {"window": 14} -> NDCG@10 0.00830 (cũ 0.00915 / mới 0.00000), epoch None, 4s
[recent_pop 3/5] {"window": 28} -> NDCG@10 0.00682 (cũ 0.00751 / mới 0.00000), epoch None, 4s
[recent_pop 4/5] {"window": 56} -> NDCG@10 0.00645 (cũ 0.00720 / mới 0.00000), epoch None, 4s
[recent_pop 5/5] {"window": 91} -> NDCG@10 0.00536 (cũ 0.00597 / mới 0.00000), epoch None, 5s
==> recent_pop tốt nhất: {'window': 14} NDCG@10 0.00830 (1 phút)
[content 1/5] {"half_life": null} -> NDCG@10 0.00187 (cũ 0.00186 / mới 0.00074), epoch None, 29s
[content 2/5] {"half_life": 30} -> NDCG@10 0.00499 (cũ 0.00543 / mới 0.00110), epoch None, 30s
[content 3/5] {"half_life": 90} -> NDCG@10 0.00370 (cũ 0.00389 / mới 0.00050), epoch None, 32s
[content 4/5] {"half_life": 180} -> NDCG@10 0.00292 (cũ 0.00297 / mới 0.00074), epoch None, 32s
[content 5/5] {"half_life": 365} -> NDCG@10 0.00222 (cũ 0.00222 / mới 0.00074), epoch None, 32s
==> content tốt nhất: {'half_life': 30} NDCG@10 0.00499 (3 phút)
[itemknn 1/6] {"k": 100, "shrink": 0.0} -> NDCG@10 0.00964 (cũ 0.01093 / mới 0.00000), epoch None, 8s
[itemknn 2/6] {"k": 50, "shrink": 0.0} -> NDCG@10 0.00920 (cũ 0.01054 / mới 0.00000), epoch None, 7s
[itemknn 3/6] {"k": 50, "shrink": 10.0} -> NDCG@10 0.00978 (cũ 0.01107 / mới 0.00000), epoch None, 7s
[itemknn 4/6] {"k": 100, "shrink": 10.0} -> NDCG@10 0.00987 (cũ 0.01122 / mới 0.00000), epoch None, 7s
[itemknn 5/6] {"k": 100, "shrink": 50.0} -> NDCG@10 0.01094 (cũ 0.01244 / mới 0.00000), epoch None, 7s
[itemknn 6/6] {"k": 200, "shrink": 0.0} -> NDCG@10 0.00905 (cũ 0.01020 / mới 0.00000), epoch None, 8s
==> itemknn tốt nhất: {'k': 100, 'shrink': 50.0} NDCG@10 0.01094 (4 phút)
[userknn 1/6] {"k": 100, "shrink": 0.0} -> NDCG@10 0.01050 (cũ 0.01192 / mới 0.00000), epoch None, 6s
[userknn 2/6] {"k": 50, "shrink": 0.0} -> NDCG@10 0.00840 (cũ 0.00953 / mới 0.00000), epoch None, 6s
[userknn 3/6] {"k": 50, "shrink": 10.0} -> NDCG@10 0.00936 (cũ 0.01061 / mới 0.00000), epoch None, 6s
[userknn 4/6] {"k": 100, "shrink": 10.0} -> NDCG@10 0.01039 (cũ 0.01172 / mới 0.00000), epoch None, 7s
[userknn 5/6] {"k": 100, "shrink": 50.0} -> NDCG@10 0.01060 (cũ 0.01195 / mới 0.00000), epoch None, 6s
[userknn 6/6] {"k": 200, "shrink": 0.0} -> NDCG@10 0.01216 (cũ 0.01362 / mới 0.00000), epoch None, 7s
==> userknn tốt nhất: {'k': 200, 'shrink': 0.0} NDCG@10 0.01216 (5 phút)
[bpr 1/6] {"embedding_dim": 32, "epochs": 20, "lr": 0.03, "reg": 0.005} -> NDCG@10 0.00805 (cũ 0.00906 / mới 0.00000), epoch None, 195s
