  ⓘ GPU không khả dụng, dùng CPU
mẫu phát triển: 7,134 người dùng, 19,228 sản phẩm (9,596 có ID), 2,229 người dùng xác thực, 7,074 cặp đúng (930 sản phẩm mới) | commit e29164e988360c5c8cf6923d06a89b17feb890fe dirty=True code b533374e5246d082 (9s)
==> popularity tốt nhất: {} NDCG@10 0.00734 (0 phút)
==> recent_pop tốt nhất: {'window': 14} NDCG@10 0.00830 (0 phút)
==> content tốt nhất: {'half_life': 30} NDCG@10 0.00499 (0 phút)
==> itemknn tốt nhất: {'k': 100, 'shrink': 50.0} NDCG@10 0.01094 (0 phút)
==> userknn tốt nhất: {'k': 200, 'shrink': 0.0} NDCG@10 0.01216 (0 phút)
[bpr 2/6] {"embedding_dim": 32, "epochs": 40, "lr": 0.05, "reg": 0.005} -> NDCG@10 0.00608 (cũ 0.00669 / mới 0.00000), epoch None, 548s
[bpr 3/6] {"embedding_dim": 32, "epochs": 40, "lr": 0.05, "reg": 0.01} -> NDCG@10 0.00631 (cũ 0.00696 / mới 0.00000), epoch None, 675s
[bpr 4/6] {"embedding_dim": 64, "epochs": 40, "lr": 0.03, "reg": 0.005} -> NDCG@10 0.00738 (cũ 0.00825 / mới 0.00000), epoch None, 704s
[bpr 5/6] {"embedding_dim": 64, "epochs": 20, "lr": 0.05, "reg": 0.005} -> NDCG@10 0.00770 (cũ 0.00864 / mới 0.00000), epoch None, 309s
[bpr 6/6] {"embedding_dim": 128, "epochs": 20, "lr": 0.03, "reg": 0.001} -> NDCG@10 0.00934 (cũ 0.01064 / mới 0.00000), epoch None, 354s
==> bpr tốt nhất: {'embedding_dim': 128, 'epochs': 20, 'lr': 0.03, 'reg': 0.001} NDCG@10 0.00934 (43 phút)

============================================================
  🚀 Training: gmf
  Parameters: 535,392 | Device: cpu
  Max epochs: 20 | Patience: 5 | Batch: 512
  Monitor: NDCG@10
============================================================
  ⏹ Early stopping tại epoch 13 — không cải thiện sau 5 epochs. Best: NDCG@10=0.0079 @ epoch 8
  ⏱ Tổng thời gian train gmf: 358.7s
  🏆 Best NDCG@10: 0.0079 @ epoch 8

[gmf 1/6] {"embedding_dim": 32, "lr": 0.001, "negative_ratio": 4, "weight_decay": 1e-06} -> NDCG@10 0.00791 (cũ 0.00867 / mới 0.00000), epoch 8, 528s

============================================================
  🚀 Training: gmf
  Parameters: 535,392 | Device: cpu
  Max epochs: 20 | Patience: 5 | Batch: 512
  Monitor: NDCG@10
============================================================
  ⏹ Early stopping tại epoch 6 — không cải thiện sau 5 epochs. Best: NDCG@10=0.0083 @ epoch 1
  ⏱ Tổng thời gian train gmf: 105.8s
  🏆 Best NDCG@10: 0.0083 @ epoch 1

[gmf 2/6] {"embedding_dim": 32, "lr": 0.001, "negative_ratio": 8, "weight_decay": 0.0} -> NDCG@10 0.00832 (cũ 0.00939 / mới 0.00000), epoch 1, 168s

============================================================
  🚀 Training: gmf
  Parameters: 535,392 | Device: cpu
  Max epochs: 20 | Patience: 5 | Batch: 512
  Monitor: NDCG@10
============================================================
  ⏹ Early stopping tại epoch 6 — không cải thiện sau 5 epochs. Best: NDCG@10=0.0082 @ epoch 1
  ⏱ Tổng thời gian train gmf: 167.5s
  🏆 Best NDCG@10: 0.0082 @ epoch 1

[gmf 3/6] {"embedding_dim": 32, "lr": 0.001, "negative_ratio": 8, "weight_decay": 1e-06} -> NDCG@10 0.00823 (cũ 0.00928 / mới 0.00000), epoch 1, 228s

============================================================
  🚀 Training: gmf
  Parameters: 1,070,784 | Device: cpu
  Max epochs: 20 | Patience: 5 | Batch: 512
  Monitor: NDCG@10
============================================================
  ⏹ Early stopping tại epoch 6 — không cải thiện sau 5 epochs. Best: NDCG@10=0.0084 @ epoch 1
  ⏱ Tổng thời gian train gmf: 242.1s
  🏆 Best NDCG@10: 0.0084 @ epoch 1

[gmf 4/6] {"embedding_dim": 64, "lr": 0.001, "negative_ratio": 8, "weight_decay": 1e-06} -> NDCG@10 0.00845 (cũ 0.00954 / mới 0.00000), epoch 1, 328s

============================================================
  🚀 Training: gmf
  Parameters: 535,392 | Device: cpu
  Max epochs: 20 | Patience: 5 | Batch: 512
  Monitor: NDCG@10
============================================================
  ⏹ Early stopping tại epoch 10 — không cải thiện sau 5 epochs. Best: NDCG@10=0.0079 @ epoch 5
  ⏱ Tổng thời gian train gmf: 132.3s
  🏆 Best NDCG@10: 0.0079 @ epoch 5

[gmf 5/6] {"embedding_dim": 32, "lr": 0.0005, "negative_ratio": 4, "weight_decay": 0.0} -> NDCG@10 0.00794 (cũ 0.00884 / mới 0.00000), epoch 5, 224s

============================================================
  🚀 Training: gmf
  Parameters: 1,070,784 | Device: cpu
  Max epochs: 20 | Patience: 5 | Batch: 512
  Monitor: NDCG@10
============================================================
  ⏹ Early stopping tại epoch 10 — không cải thiện sau 5 epochs. Best: NDCG@10=0.0072 @ epoch 5
  ⏱ Tổng thời gian train gmf: 168.5s
  🏆 Best NDCG@10: 0.0072 @ epoch 5

[gmf 6/6] {"embedding_dim": 64, "lr": 0.0005, "negative_ratio": 4, "weight_decay": 0.0} -> NDCG@10 0.00718 (cũ 0.00804 / mới 0.00000), epoch 5, 293s
==> gmf tốt nhất: {'embedding_dim': 64, 'lr': 0.001, 'negative_ratio': 8, 'weight_decay': 1e-06} NDCG@10 0.00845 (73 phút)

============================================================
  🚀 Training: mlp
  Parameters: 538,112 | Device: cpu
  Max epochs: 20 | Patience: 5 | Batch: 512
  Monitor: NDCG@10
============================================================
  ⏹ Early stopping tại epoch 10 — không cải thiện sau 5 epochs. Best: NDCG@10=0.0076 @ epoch 5
  ⏱ Tổng thời gian train mlp: 217.6s
  🏆 Best NDCG@10: 0.0076 @ epoch 5

[mlp 1/6] {"dropout": 0.2, "embedding_dim": 32, "lr": 0.001, "negative_ratio": 4, "weight_decay": 1e-06} -> NDCG@10 0.00765 (cũ 0.00850 / mới 0.00000), epoch 5, 398s

============================================================
  🚀 Training: mlp
  Parameters: 538,112 | Device: cpu
  Max epochs: 20 | Patience: 5 | Batch: 512
  Monitor: NDCG@10
============================================================
  ⏹ Early stopping tại epoch 7 — không cải thiện sau 5 epochs. Best: NDCG@10=0.0076 @ epoch 2
  ⏱ Tổng thời gian train mlp: 197.0s
  🏆 Best NDCG@10: 0.0076 @ epoch 2

[mlp 2/6] {"dropout": 0.2, "embedding_dim": 32, "lr": 0.001, "negative_ratio": 8, "weight_decay": 0.0} -> NDCG@10 0.00764 (cũ 0.00860 / mới 0.00000), epoch 2, 320s

============================================================
  🚀 Training: mlp
  Parameters: 538,112 | Device: cpu
  Max epochs: 20 | Patience: 5 | Batch: 512
  Monitor: NDCG@10
============================================================
  ⏹ Early stopping tại epoch 7 — không cải thiện sau 5 epochs. Best: NDCG@10=0.0079 @ epoch 2
  ⏱ Tổng thời gian train mlp: 207.6s
  🏆 Best NDCG@10: 0.0079 @ epoch 2

[mlp 3/6] {"dropout": 0.0, "embedding_dim": 32, "lr": 0.001, "negative_ratio": 8, "weight_decay": 1e-06} -> NDCG@10 0.00795 (cũ 0.00891 / mới 0.00000), epoch 2, 358s

============================================================
  🚀 Training: mlp
  Parameters: 1,081,600 | Device: cpu
  Max epochs: 20 | Patience: 5 | Batch: 512
  Monitor: NDCG@10
============================================================
  ⏹ Early stopping tại epoch 8 — không cải thiện sau 5 epochs. Best: NDCG@10=0.0073 @ epoch 3
  ⏱ Tổng thời gian train mlp: 467.0s
  🏆 Best NDCG@10: 0.0073 @ epoch 3

[mlp 4/6] {"dropout": 0.2, "embedding_dim": 64, "lr": 0.001, "negative_ratio": 8, "weight_decay": 1e-06} -> NDCG@10 0.00727 (cũ 0.00809 / mới 0.00000), epoch 3, 792s

============================================================
  🚀 Training: mlp
  Parameters: 538,112 | Device: cpu
  Max epochs: 20 | Patience: 5 | Batch: 512
  Monitor: NDCG@10
============================================================
  ⏹ Early stopping tại epoch 10 — không cải thiện sau 5 epochs. Best: NDCG@10=0.0080 @ epoch 5
  ⏱ Tổng thời gian train mlp: 255.1s
  🏆 Best NDCG@10: 0.0080 @ epoch 5

[mlp 5/6] {"dropout": 0.0, "embedding_dim": 32, "lr": 0.0005, "negative_ratio": 4, "weight_decay": 1e-06} -> NDCG@10 0.00797 (cũ 0.00893 / mới 0.00000), epoch 5, 473s

============================================================
  🚀 Training: mlp
  Parameters: 1,081,600 | Device: cpu
  Max epochs: 20 | Patience: 5 | Batch: 512
  Monitor: NDCG@10
============================================================
  ⏹ Early stopping tại epoch 13 — không cải thiện sau 5 epochs. Best: NDCG@10=0.0076 @ epoch 8
  ⏱ Tổng thời gian train mlp: 413.4s
  🏆 Best NDCG@10: 0.0076 @ epoch 8

[mlp 6/6] {"dropout": 0.2, "embedding_dim": 64, "lr": 0.0005, "negative_ratio": 4, "weight_decay": 1e-06} -> NDCG@10 0.00757 (cũ 0.00847 / mới 0.00000), epoch 8, 810s
==> mlp tốt nhất: {'dropout': 0.0, 'embedding_dim': 32, 'lr': 0.0005, 'negative_ratio': 4, 'weight_decay': 1e-06} NDCG@10 0.00797 (125 phút)

============================================================
  🚀 Training: neumf
  Parameters: 1,073,504 | Device: cpu
  Max epochs: 20 | Patience: 5 | Batch: 512
  Monitor: NDCG@10
============================================================
  ⏹ Early stopping tại epoch 7 — không cải thiện sau 5 epochs. Best: NDCG@10=0.0083 @ epoch 2
  ⏱ Tổng thời gian train neumf: 264.1s
  🏆 Best NDCG@10: 0.0083 @ epoch 2

[neumf 1/6] {"dropout": 0.2, "embedding_dim": 32, "lr": 0.001, "negative_ratio": 4, "weight_decay": 1e-06} -> NDCG@10 0.00834 (cũ 0.00927 / mới 0.00000), epoch 2, 441s

============================================================
  🚀 Training: neumf
  Parameters: 1,073,504 | Device: cpu
  Max epochs: 20 | Patience: 5 | Batch: 512
  Monitor: NDCG@10
============================================================
  ⏹ Early stopping tại epoch 7 — không cải thiện sau 5 epochs. Best: NDCG@10=0.0076 @ epoch 2
  ⏱ Tổng thời gian train neumf: 310.6s
  🏆 Best NDCG@10: 0.0076 @ epoch 2

[neumf 2/6] {"dropout": 0.2, "embedding_dim": 32, "lr": 0.001, "negative_ratio": 8, "weight_decay": 0.0} -> NDCG@10 0.00765 (cũ 0.00862 / mới 0.00000), epoch 2, 487s

============================================================
  🚀 Training: neumf
  Parameters: 1,073,504 | Device: cpu
  Max epochs: 20 | Patience: 5 | Batch: 512
  Monitor: NDCG@10
============================================================
  ⏹ Early stopping tại epoch 12 — không cải thiện sau 5 epochs. Best: NDCG@10=0.0093 @ epoch 7
  ⏱ Tổng thời gian train neumf: 745.1s
  🏆 Best NDCG@10: 0.0093 @ epoch 7

[neumf 3/6] {"dropout": 0.0, "embedding_dim": 32, "lr": 0.001, "negative_ratio": 8, "weight_decay": 1e-06} -> NDCG@10 0.00934 (cũ 0.01053 / mới 0.00000), epoch 7, 1041s

============================================================
  🚀 Training: neumf
  Parameters: 2,152,384 | Device: cpu
  Max epochs: 20 | Patience: 5 | Batch: 512
  Monitor: NDCG@10
============================================================
